bbl loader
freq-mhz = 500
CLINT: set frequency to 500 MHz
              vvvvvvvvvvvvvvvvvvvvvvvvvvvvvvvv
                  vvvvvvvvvvvvvvvvvvvvvvvvvvvv
rrrrrrrrrrrrr       vvvvvvvvvvvvvvvvvvvvvvvvvv
rrrrrrrrrrrrrrrr      vvvvvvvvvvvvvvvvvvvvvvvv
rrrrrrrrrrrrrrrrrr    vvvvvvvvvvvvvvvvvvvvvvvv
rrrrrrrrrrrrrrrrrr    vvvvvvvvvvvvvvvvvvvvvvvv
rrrrrrrrrrrrrrrrrr    vvvvvvvvvvvvvvvvvvvvvvvv
rrrrrrrrrrrrrrrr      vvvvvvvvvvvvvvvvvvvvvv  
rrrrrrrrrrrrr       vvvvvvvvvvvvvvvvvvvvvv    
rr                vvvvvvvvvvvvvvvvvvvvvv      
rr            vvvvvvvvvvvvvvvvvvvvvvvv      rr
rrrr      vvvvvvvvvvvvvvvvvvvvvvvvvv      rrrr
rrrrrr      vvvvvvvvvvvvvvvvvvvvvv      rrrrrr
rrrrrrrr      vvvvvvvvvvvvvvvvvv      rrrrrrrr
rrrrrrrrrr      vvvvvvvvvvvvvv      rrrrrrrrrr
rrrrrrrrrrrr      vvvvvvvvvv      rrrrrrrrrrrr
rrrrrrrrrrrrrr      vvvvvv      rrrrrrrrrrrrrr
rrrrrrrrrrrrrrrr      vv      rrrrrrrrrrrrrrrr
rrrrrrrrrrrrrrrrrr          rrrrrrrrrrrrrrrrrr
rrrrrrrrrrrrrrrrrrrr      rrrrrrrrrrrrrrrrrrrr
rrrrrrrrrrrrrrrrrrrrrr  rrrrrrrrrrrrrrrrrrrrrr

       INSTRUCTION SETS WANT TO BE FREE
[    0.000000] OF: fdt: Ignoring memory range 0x80000000 - 0x80200000
[    0.000000] Linux version 4.18.0-14481-ga4570dd88648 (zfw@xiangshan-08) (gcc version 10.2.0 (GCC)) #419 Fri Sep 10 16:26:43 CST 2021
[    0.000000] bootconsole [early0] enabled
[    0.000000] Initial ramdisk at: 0x(____ptrval____) (13093888 bytes)
[    0.000000] Zone ranges:
[    0.000000]   DMA32    empty
[    0.000000]   Normal   [mem 0x0000000080200000-0x00000000ffffffff]
[    0.000000] Movable zone start for each node
[    0.000000] Early memory node ranges
[    0.000000]   node   0: [mem 0x0000000080200000-0x00000000ffffffff]
[    0.000000] Initmem setup node 0 [mem 0x0000000080200000-0x00000000ffffffff]
[    0.000000] software IO TLB [mem 0xfa3ff000-0xfe3ff000] (64MB) mapped at [(____ptrval____)-(____ptrval____)]
[    0.000000] elf_hwcap is 0x112d
[    0.000000] Built 1 zonelists, mobility grouping on.  Total pages: 516615
[    0.000000] Kernel command line: root=/dev/mmcblk0 rootfstype=ext4 ro rootwait earlycon
[    0.000000] Dentry cache hash table entries: 262144 (order: 9, 2097152 bytes)
[    0.000000] Inode-cache hash table entries: 131072 (order: 8, 1048576 bytes)
[    0.000000] Sorting __ex_table...
[    0.000000] Memory: 1983532K/2095104K available (699K kernel code, 74K rwdata, 102K rodata, 12852K init, 98K bss, 111572K reserved, 0K cma-reserved)
[    0.000000] SLUB: HWalign=64, Order=0-3, MinObjects=0, CPUs=1, Nodes=1
[    0.000000] NR_IRQS: 0, nr_irqs: 0, preallocated irqs: 0
[    0.000000] clocksource: riscv_clocksource: mask: 0xffffffffffffffff max_cycles: 0x1d854df40, max_idle_ns: 3526361616960 ns
[    0.000000] console [hvc0] enabled
[    0.000000] console [hvc0] enabled
[    0.000000] bootconsole [early0] disabled
[    0.000000] bootconsole [early0] disabled
[    0.000000] Calibrating delay loop (skipped), value calculated using timer frequency.. 2.00 BogoMIPS (lpj=10000)
[    0.000000] pid_max: default: 4096 minimum: 301
[    0.000000] Mount-cache hash table entries: 4096 (order: 3, 32768 bytes)
[    0.000000] Mountpoint-cache hash table entries: 4096 (order: 3, 32768 bytes)
[    0.000000] clocksource: jiffies: mask: 0xffffffff max_cycles: 0xffffffff, max_idle_ns: 19112604462750000 ns
[    0.010000] clocksource: Switched to clocksource riscv_clocksource
[    0.130000] Unpacking initramfs...
[    0.300000] workingset: timestamp_bits=62 max_order=19 bucket_order=0
[    0.300000] random: get_random_bytes called from 0xffffffff80c90c42 with crng_init=0
[    0.340000] Freeing unused kernel memory: 12852K
[    0.340000] This architecture does not have kernel memory protection.
init started: BusyBox v1.29.3 (2021-01-05 15:03:32 CST)
starting pid 13, tty '': '/bin/busybox --install -s'
starting pid 14, tty '/dev/console': '-/bin/sh /spec/run.sh'
=== exec before workload (profiling && time intr) ===
===== Start running SPEC2006 =====
======== BEGIN dealII ========
+ md5sum /spec/dealII_base.riscv64-unknown-linux-gnu-gcc-10.2.0
8e0769420e741bba1165e9188d15fdad  /spec/dealII_base.riscv64-unknown-linux-gnu-gcc-10.2.0
+ date -R
Thu, 01 Jan 1970 00:00:03 +0000
+ cd /spec
+ ./dealII_base.riscv64-unknown-linux-gnu-gcc-10.2.0 23
Refinement cycle: 0
   Number of degrees of freedom=79
   Point value=0.111419
   Estimated error=-0.0202358
Refinement cycle: 1
   Number of degrees of freedom=303
   Point value=0.110124
   Estimated error=-0.00791284
Refinement cycle: 2
   Number of degrees of freedom=457
   Point value=0.1092
   Estimated error=-0.00475766
Refinement cycle: 3
   Number of degrees of freedom=556
   Point value=0.106639
   Estimated error=-0.000775847
Refinement cycle: 4
   Number of degrees of freedom=713
   Point value=0.107309
   Estimated error=-0.0010652
Refinement cycle: 5
   Number of degrees of freedom=1119
   Point value=0.107202
   Estimated error=-0.000795717
Refinement cycle: 6
   Number of degrees of freedom=1580
   Point value=0.106944
   Estimated error=-0.000394584
Refinement cycle: 7
   Number of degrees of freedom=2262
   Point value=0.106749
   Estimated error=-0.000102753
Refinement cycle: 8
   Number of degrees of freedom=2820
   Point value=0.106684
   Estimated error=1.7076e-05
Refinement cycle: 9
   Number of degrees of freedom=3189
   Point value=0.106627
   Estimated error=0.000142291
Refinement cycle: 10
   Number of degrees of freedom=4111
   Point value=0.107025
   Estimated error=-0.000162701
Refinement cycle: 11
   Number of degrees of freedom=5826
   Point value=0.106996
   Estimated error=-0.000143924
Refinement cycle: 12
   Number of degrees of freedom=7108
   Point value=0.106982
   Estimated error=-8.93871e-05
Refinement cycle: 13
   Number of degrees of freedom=9914
   Point value=0.106963
   Estimated error=-8.11854e-05
Refinement cycle: 14
   Number of degrees of freedom=12072
   Point value=0.10696
   Estimated error=-4.80589e-05
Refinement cycle: 15
   Number of degrees of freedom=13935
   Point value=0.106953
   Estimated error=-2.48477e-05
Refinement cycle: 16
   Number of degrees of freedom=16055
   Point value=0.106928
   Estimated error=-2.79415e-05
Refinement cycle: 17
   Number of degrees of freedom=17477
   Point value=0.106926
   Estimated error=-2.43329e-05
Refinement cycle: 18
   Number of degrees of freedom=19094
   Point value=0.106932
   Estimated error=1.86921e-05
Refinement cycle: 19
   Number of degrees of freedom=20562
   Point value=0.106942
   Estimated error=3.59644e-05
Refinement cycle: 20
   Number of degrees of freedom=21921
   Point value=0.106896
   Estimated error=2.79675e-05
Refinement cycle: 21
   Number of degrees of freedom=25363
   Point value=0.106862
   Estimated error=9.29358e-06
Refinement cycle: 22
   Number of degrees of freedom=25409
   Point value=0.106934
   Estimated error=5.21284e-05
Refinement cycle: 23
   Number of degrees of freedom=26855
   Point value=0.107018
   Estimated error=5.19699e-05

+ date -R
Thu, 01 Jan 1970 00:23:28 +0000
+ set +x
======== END   dealII ========
===== Finish running SPEC2006 =====
[1;34m[src/monitor/monitor.c,128,parse_args] Doing Simpoint Profiling[0m
[1;34m[src/memory/paddr.c,27,allocate_mem] Main memory is at [0x80000000, 0x280000000][0m
[1;34m[src/device/io/mmio.c,13,add_mmio_map] Add mmio map 'clint' at [0x38000000, 0x3800ffff][0m
[1;34m[src/device/io/mmio.c,13,add_mmio_map] Add mmio map 'sdhci' at [0x40002000, 0x4000207f][0m
[1;34m[src/device/sdcard.c,131,init_sdcard] Can not find sdcard image: (null)[0m
[1;34m[src/isa/riscv64/init.c,26,init_csr] Mstatus: 0xa00003800
[0m
[1;34m[src/monitor/monitor.c,85,load_img] The image is /bigdata/zfw/spec/bins/dealII/bbl.bin[0m
[1;34m[src/monitor/monitor.c,86,load_img] diff is (null)[0m
[1;34m[src/monitor/monitor.c,93,load_img] Loading image to 0xa0000
[0m
[1;34m[src/monitor/monitor.c,63,load_gcpt_restorer] Opening restorer file: /home/zfw/NEMU/resource/gcpt_restore/build/gcpt.bin[0m
[1;34m[src/monitor/monitor.c,48,welcome] Debug: [1;32mOFF[0m[0m
[1;34m[src/monitor/monitor.c,51,welcome] Build time: 16:13:41, Sep  7 2021[0m
Welcome to [1;41m[1;33mriscv64[0m-NEMU!
For help, type "help"
[1;34m[src/checkpoint/path_manager.cpp,33,init] Cpt id: -1[0m
[1;34m[src/checkpoint/path_manager.cpp,55,setOutputDir] Created /bigdata/zfw/spec_cpt/profiling/dealII/
[0m
[1;34m[src/checkpoint/simpoint.cpp,70,init] Doing simpoint profiling with interval 20000000[0m
[1;34m[src/device/io/mmio.c,13,add_mmio_map] Add mmio map 'screen' at [0x40001000, 0x40001007][0m
[1;34m[src/device/io/mmio.c,13,add_mmio_map] Add mmio map 'vmem' at [0x50000000, 0x500752ff][0m
[1;34m[src/device/io/mmio.c,13,add_mmio_map] Add mmio map 'uartlite' at [0x40600000, 0x4060000c][0m
[1;34m[src/isa/riscv64/exec/special.c,38,exec_nemu_trap] Start profiling, resetting inst count
[0m
[1;34m[src/monitor/cpu-exec.c,110,cpu_exec] nemu: [1;32mHIT GOOD TRAP[0m at pc = 0x0000002aaaaaa5f6

[0m
[1;34m[src/monitor/cpu-exec.c,36,monitor_statistic] total guest instructions = 1818195884232[0m
