bbl loader
freq-mhz = 500
CLINT: set frequency to 500 MHz
              vvvvvvvvvvvvvvvvvvvvvvvvvvvvvvvv
                  vvvvvvvvvvvvvvvvvvvvvvvvvvvv
rrrrrrrrrrrrr       vvvvvvvvvvvvvvvvvvvvvvvvvv
rrrrrrrrrrrrrrrr      vvvvvvvvvvvvvvvvvvvvvvvv
rrrrrrrrrrrrrrrrrr    vvvvvvvvvvvvvvvvvvvvvvvv
rrrrrrrrrrrrrrrrrr    vvvvvvvvvvvvvvvvvvvvvvvv
rrrrrrrrrrrrrrrrrr    vvvvvvvvvvvvvvvvvvvvvvvv
rrrrrrrrrrrrrrrr      vvvvvvvvvvvvvvvvvvvvvv  
rrrrrrrrrrrrr       vvvvvvvvvvvvvvvvvvvvvv    
rr                vvvvvvvvvvvvvvvvvvvvvv      
rr            vvvvvvvvvvvvvvvvvvvvvvvv      rr
rrrr      vvvvvvvvvvvvvvvvvvvvvvvvvv      rrrr
rrrrrr      vvvvvvvvvvvvvvvvvvvvvv      rrrrrr
rrrrrrrr      vvvvvvvvvvvvvvvvvv      rrrrrrrr
rrrrrrrrrr      vvvvvvvvvvvvvv      rrrrrrrrrr
rrrrrrrrrrrr      vvvvvvvvvv      rrrrrrrrrrrr
rrrrrrrrrrrrrr      vvvvvv      rrrrrrrrrrrrrr
rrrrrrrrrrrrrrrr      vv      rrrrrrrrrrrrrrrr
rrrrrrrrrrrrrrrrrr          rrrrrrrrrrrrrrrrrr
rrrrrrrrrrrrrrrrrrrr      rrrrrrrrrrrrrrrrrrrr
rrrrrrrrrrrrrrrrrrrrrr  rrrrrrrrrrrrrrrrrrrrrr

       INSTRUCTION SETS WANT TO BE FREE
[    0.000000] OF: fdt: Ignoring memory range 0x80000000 - 0x80200000
[    0.000000] Linux version 4.18.0-14481-ga4570dd88648 (zfw@xiangshan-08) (gcc version 10.2.0 (GCC)) #436 Fri Sep 10 16:28:25 CST 2021
[    0.000000] bootconsole [early0] enabled
[    0.000000] Initial ramdisk at: 0x(____ptrval____) (12452864 bytes)
[    0.000000] Zone ranges:
[    0.000000]   DMA32    empty
[    0.000000]   Normal   [mem 0x0000000080200000-0x00000000ffffffff]
[    0.000000] Movable zone start for each node
[    0.000000] Early memory node ranges
[    0.000000]   node   0: [mem 0x0000000080200000-0x00000000ffffffff]
[    0.000000] Initmem setup node 0 [mem 0x0000000080200000-0x00000000ffffffff]
[    0.000000] software IO TLB [mem 0xfa3ff000-0xfe3ff000] (64MB) mapped at [(____ptrval____)-(____ptrval____)]
[    0.000000] elf_hwcap is 0x112d
[    0.000000] Built 1 zonelists, mobility grouping on.  Total pages: 516615
[    0.000000] Kernel command line: root=/dev/mmcblk0 rootfstype=ext4 ro rootwait earlycon
[    0.000000] Dentry cache hash table entries: 262144 (order: 9, 2097152 bytes)
[    0.000000] Inode-cache hash table entries: 131072 (order: 8, 1048576 bytes)
[    0.000000] Sorting __ex_table...
[    0.000000] Memory: 1984156K/2095104K available (699K kernel code, 78K rwdata, 102K rodata, 12224K init, 98K bss, 110948K reserved, 0K cma-reserved)
[    0.000000] SLUB: HWalign=64, Order=0-3, MinObjects=0, CPUs=1, Nodes=1
[    0.000000] NR_IRQS: 0, nr_irqs: 0, preallocated irqs: 0
[    0.000000] clocksource: riscv_clocksource: mask: 0xffffffffffffffff max_cycles: 0x1d854df40, max_idle_ns: 3526361616960 ns
[    0.000000] console [hvc0] enabled
[    0.000000] console [hvc0] enabled
[    0.000000] bootconsole [early0] disabled
[    0.000000] bootconsole [early0] disabled
[    0.000000] Calibrating delay loop (skipped), value calculated using timer frequency.. 2.00 BogoMIPS (lpj=10000)
[    0.000000] pid_max: default: 4096 minimum: 301
[    0.000000] Mount-cache hash table entries: 4096 (order: 3, 32768 bytes)
[    0.000000] Mountpoint-cache hash table entries: 4096 (order: 3, 32768 bytes)
[    0.000000] clocksource: jiffies: mask: 0xffffffff max_cycles: 0xffffffff, max_idle_ns: 19112604462750000 ns
[    0.010000] clocksource: Switched to clocksource riscv_clocksource
[    0.520000] Unpacking initramfs...
[    1.070000] workingset: timestamp_bits=62 max_order=19 bucket_order=0
[    1.070000] random: get_random_bytes called from 0xffffffff80bf3c42 with crng_init=0
[    1.110000] Freeing unused kernel memory: 12224K
[    1.110000] This architecture does not have kernel memory protection.
init started: BusyBox v1.29.3 (2021-01-05 15:03:32 CST)
starting pid 13, tty '': '/bin/busybox --install -s'
starting pid 14, tty '/dev/console': '-/bin/sh /spec/run.sh'
=== exec before workload (profiling && time intr) ===
===== Start running SPEC2006 =====
======== BEGIN gobmk_trevord ========
+ md5sum /spec/gobmk_base.riscv64-unknown-linux-gnu-gcc-10.2.0
43efe886a8e51c2923fd7ae161a02def  /spec/gobmk_base.riscv64-unknown-linux-gnu-gcc-10.2.0
+ date -R
Thu, 01 Jan 1970 00:00:03 +0000
+ cd /spec
+ ./gobmk_base.riscv64-unknown-linux-gnu-gcc-10.2.0 --quiet --mode gtp
= white

=100 C7

= white

=110 K17

= white

=120 B9

= white

=130 O10

= white

=140 F11

= white

=150 E9

= white

=160 K2

= white

=170 P7

= white

=180 S9

= white

=190 T10

= white

=200 N11

= white

=210 L11

= white

=220 L9

= white

=230 L9

= white

=240 L8

= white

=250 N9

= white

=260 Q2

= white

= 

=261 1 P3

= white

=270 K11

= white

=280 E13

= white

=290 Q8

= white

=300 Q13

= white

=310 Q13

= white

=320 C5

= white

=330 D16

= white

=340 F8

= white

=350 L18

= white

=360 K3

= white

=370 L8

= white

=380 L8

= white

=390 B18

= white

=400 B18

= white

=410 S7

= white

=420 S9

= white

=430 G5

= white

=440 F10

= white

=450 E13

= white

=460 F19

= white

=470 J18

= white

=480 N3

= white

=490 D5

= white

=500 L7

= white

=510 K7

= white

=520 D15

= white

=530 C3

= white

=540 K12

= white

=550 K10

= white

=560 M16

= white

=570 K9

= white

=580 J10

= white

=590 M14

= white

=600 N11

= white

=610 D2

= white

=620 M11

= white

=630 E2

= white

=640 H2

= white

=650 B17

= white

=660 D15

= white

=670 O11

= white

=680 S16

= black

=690 P19

= white

=700 S16

= white

=710 E18

= white

=720 Q8

= white

=730 H3

= white

=740 B15

= white

=750 Q10

= white

=760 H6

= white

=780 B18

= white

=790 P14

= white

=800 T12

= white

=810 G15

= white

=820 O14

= white

=830 K16

= white

=840 A5

= white

=850 N5

= white

=860 Q5

= white

=870 R6

= white

=880 D6

= white

=890 R7

= white

=900 R7

= white

=910 L16

= white

=920 G18

= white

=930 H2

= white

=940 H2

= white

=950 H2

= white

=960 J6

= white

=970 J9

= white

=980 M13

= white

=990 B11

= white

=1000 B11

= white

=1010 R15

= white

=1020 K11

= white

=1030 R15

= white

=1040 T6

= white

=1050 O13

= white

=1060 J3

= white

=1070 Q12

= white

=1080 C5

= white

=1090 L7

= white

=1100 N5

= white

=1110 P17

= white

=1120 Q8

+ date -R
Thu, 01 Jan 1970 01:09:19 +0000
+ set +x
======== END   gobmk_trevord ========
===== Finish running SPEC2006 =====
[1;34m[src/monitor/monitor.c,128,parse_args] Doing Simpoint Profiling[0m
[1;34m[src/memory/paddr.c,27,allocate_mem] Main memory is at [0x80000000, 0x280000000][0m
[1;34m[src/device/io/mmio.c,13,add_mmio_map] Add mmio map 'clint' at [0x38000000, 0x3800ffff][0m
[1;34m[src/device/io/mmio.c,13,add_mmio_map] Add mmio map 'sdhci' at [0x40002000, 0x4000207f][0m
[1;34m[src/device/sdcard.c,131,init_sdcard] Can not find sdcard image: (null)[0m
[1;34m[src/isa/riscv64/init.c,26,init_csr] Mstatus: 0xa00003800
[0m
[1;34m[src/monitor/monitor.c,85,load_img] The image is /bigdata/zfw/spec/bins/gobmk_trevord/bbl.bin[0m
[1;34m[src/monitor/monitor.c,86,load_img] diff is (null)[0m
[1;34m[src/monitor/monitor.c,93,load_img] Loading image to 0xa0000
[0m
[1;34m[src/monitor/monitor.c,63,load_gcpt_restorer] Opening restorer file: /home/zfw/NEMU/resource/gcpt_restore/build/gcpt.bin[0m
[1;34m[src/monitor/monitor.c,48,welcome] Debug: [1;32mOFF[0m[0m
[1;34m[src/monitor/monitor.c,51,welcome] Build time: 16:13:41, Sep  7 2021[0m
Welcome to [1;41m[1;33mriscv64[0m-NEMU!
For help, type "help"
[1;34m[src/checkpoint/path_manager.cpp,33,init] Cpt id: -1[0m
[1;34m[src/checkpoint/path_manager.cpp,55,setOutputDir] Created /bigdata/zfw/spec_cpt/profiling/gobmk_trevord/
[0m
[1;34m[src/checkpoint/simpoint.cpp,70,init] Doing simpoint profiling with interval 20000000[0m
[1;34m[src/device/io/mmio.c,13,add_mmio_map] Add mmio map 'screen' at [0x40001000, 0x40001007][0m
[1;34m[src/device/io/mmio.c,13,add_mmio_map] Add mmio map 'vmem' at [0x50000000, 0x500752ff][0m
[1;34m[src/device/io/mmio.c,13,add_mmio_map] Add mmio map 'uartlite' at [0x40600000, 0x4060000c][0m
[1;34m[src/isa/riscv64/exec/special.c,38,exec_nemu_trap] Start profiling, resetting inst count
[0m
[1;34m[src/monitor/cpu-exec.c,110,cpu_exec] nemu: [1;32mHIT GOOD TRAP[0m at pc = 0x0000002aaaaaa5f6

[0m
[1;34m[src/monitor/cpu-exec.c,36,monitor_statistic] total guest instructions = 362568845205[0m
