bbl loader
freq-mhz = 500
CLINT: set frequency to 500 MHz
              vvvvvvvvvvvvvvvvvvvvvvvvvvvvvvvv
                  vvvvvvvvvvvvvvvvvvvvvvvvvvvv
rrrrrrrrrrrrr       vvvvvvvvvvvvvvvvvvvvvvvvvv
rrrrrrrrrrrrrrrr      vvvvvvvvvvvvvvvvvvvvvvvv
rrrrrrrrrrrrrrrrrr    vvvvvvvvvvvvvvvvvvvvvvvv
rrrrrrrrrrrrrrrrrr    vvvvvvvvvvvvvvvvvvvvvvvv
rrrrrrrrrrrrrrrrrr    vvvvvvvvvvvvvvvvvvvvvvvv
rrrrrrrrrrrrrrrr      vvvvvvvvvvvvvvvvvvvvvv  
rrrrrrrrrrrrr       vvvvvvvvvvvvvvvvvvvvvv    
rr                vvvvvvvvvvvvvvvvvvvvvv      
rr            vvvvvvvvvvvvvvvvvvvvvvvv      rr
rrrr      vvvvvvvvvvvvvvvvvvvvvvvvvv      rrrr
rrrrrr      vvvvvvvvvvvvvvvvvvvvvv      rrrrrr
rrrrrrrr      vvvvvvvvvvvvvvvvvv      rrrrrrrr
rrrrrrrrrr      vvvvvvvvvvvvvv      rrrrrrrrrr
rrrrrrrrrrrr      vvvvvvvvvv      rrrrrrrrrrrr
rrrrrrrrrrrrrr      vvvvvv      rrrrrrrrrrrrrr
rrrrrrrrrrrrrrrr      vv      rrrrrrrrrrrrrrrr
rrrrrrrrrrrrrrrrrr          rrrrrrrrrrrrrrrrrr
rrrrrrrrrrrrrrrrrrrr      rrrrrrrrrrrrrrrrrrrr
rrrrrrrrrrrrrrrrrrrrrr  rrrrrrrrrrrrrrrrrrrrrr

       INSTRUCTION SETS WANT TO BE FREE
[    0.000000] OF: fdt: Ignoring memory range 0x80000000 - 0x80200000
[    0.000000] Linux version 4.18.0-14481-ga4570dd88648 (zfw@xiangshan-08) (gcc version 10.2.0 (GCC)) #435 Fri Sep 10 16:28:19 CST 2021
[    0.000000] bootconsole [early0] enabled
[    0.000000] Initial ramdisk at: 0x(____ptrval____) (12457984 bytes)
[    0.000000] Zone ranges:
[    0.000000]   DMA32    empty
[    0.000000]   Normal   [mem 0x0000000080200000-0x00000000ffffffff]
[    0.000000] Movable zone start for each node
[    0.000000] Early memory node ranges
[    0.000000]   node   0: [mem 0x0000000080200000-0x00000000ffffffff]
[    0.000000] Initmem setup node 0 [mem 0x0000000080200000-0x00000000ffffffff]
[    0.000000] software IO TLB [mem 0xfa3ff000-0xfe3ff000] (64MB) mapped at [(____ptrval____)-(____ptrval____)]
[    0.000000] elf_hwcap is 0x112d
[    0.000000] Built 1 zonelists, mobility grouping on.  Total pages: 516615
[    0.000000] Kernel command line: root=/dev/mmcblk0 rootfstype=ext4 ro rootwait earlycon
[    0.000000] Dentry cache hash table entries: 262144 (order: 9, 2097152 bytes)
[    0.000000] Inode-cache hash table entries: 131072 (order: 8, 1048576 bytes)
[    0.000000] Sorting __ex_table...
[    0.000000] Memory: 1984156K/2095104K available (699K kernel code, 74K rwdata, 102K rodata, 12228K init, 98K bss, 110948K reserved, 0K cma-reserved)
[    0.000000] SLUB: HWalign=64, Order=0-3, MinObjects=0, CPUs=1, Nodes=1
[    0.000000] NR_IRQS: 0, nr_irqs: 0, preallocated irqs: 0
[    0.000000] clocksource: riscv_clocksource: mask: 0xffffffffffffffff max_cycles: 0x1d854df40, max_idle_ns: 3526361616960 ns
[    0.000000] console [hvc0] enabled
[    0.000000] console [hvc0] enabled
[    0.000000] bootconsole [early0] disabled
[    0.000000] bootconsole [early0] disabled
[    0.000000] Calibrating delay loop (skipped), value calculated using timer frequency.. 2.00 BogoMIPS (lpj=10000)
[    0.000000] pid_max: default: 4096 minimum: 301
[    0.000000] Mount-cache hash table entries: 4096 (order: 3, 32768 bytes)
[    0.000000] Mountpoint-cache hash table entries: 4096 (order: 3, 32768 bytes)
[    0.000000] clocksource: jiffies: mask: 0xffffffff max_cycles: 0xffffffff, max_idle_ns: 19112604462750000 ns
[    0.010000] clocksource: Switched to clocksource riscv_clocksource
[    0.520000] Unpacking initramfs...
[    1.010000] workingset: timestamp_bits=62 max_order=19 bucket_order=0
[    1.010000] random: get_random_bytes called from 0xffffffff80bf4c42 with crng_init=0
[    1.050000] Freeing unused kernel memory: 12228K
[    1.050000] This architecture does not have kernel memory protection.
init started: BusyBox v1.29.3 (2021-01-05 15:03:32 CST)
starting pid 13, tty '': '/bin/busybox --install -s'
starting pid 14, tty '/dev/console': '-/bin/sh /spec/run.sh'
=== exec before workload (profiling && time intr) ===
===== Start running SPEC2006 =====
======== BEGIN gobmk_trevorc ========
+ md5sum /spec/gobmk_base.riscv64-unknown-linux-gnu-gcc-10.2.0
43efe886a8e51c2923fd7ae161a02def  /spec/gobmk_base.riscv64-unknown-linux-gnu-gcc-10.2.0
+ date -R
Thu, 01 Jan 1970 00:00:03 +0000
+ cd /spec
+ ./gobmk_base.riscv64-unknown-linux-gnu-gcc-10.2.0 --quiet --mode gtp
= white

=100 H8

= white

=110 H8

= white

=130 H9

= white

=140 PASS

= white

=150 E3

= white

=160 K7

= white

=170 H5

= white

=180 K1

= white

=190 A6

= white

=200 A7

= white

=210 G12

= white

=220 D12

= white

=230 K3

= white

=240 K3

= white

=250 B7

= white

=260 B5

= white

=270 K1

= white

=280 C7

= white

=290 K13

= white

=300 K13

= white

=310 H12

= white

=320 D7

= white

=330 C4

= white

=340 M4

= white

=350 E3

= white

=360 H11

= white

=370 F13

= white

=380 F13

= white

=390 K6

= white

=400 H11

= white

=410 H2

= white

=420 F10

= white

=430 A4

= white

=440 N5

= white

=450 E6

= white

=460 K11

= white

=470 K11

= white

=480 D6

= white

=490 A7

= white

=500 E7

= white

=510 M7

= white

=520 G6

= white

=530 K4

= white

=540 J9

= white

=550 E3

= white

=560 E12

= white

=570 L10

= white

=580 J4

= white

=590 E8

= white

=600 E11

= white

=610 D4

= white

=620 J4

= white

=630 G2

= white

=640 G10

= white

=650 K7

= white

=660 M4

= white

=670 G1

= white

=680 G13

= white

=690 G8

= white

=700 F8

= white

=710 D5

= white

=720 G6

= white

=730 E5

= black

=740 H3

= white

=750 J12

= white

=760 H11

= white

=770 H10

= white

=780 H3

= white

=790 L8

= white

=800 F9

= white

=810 D7

= white

=820 A6

= white

=830 J10

= white

=840 F12

= white

=850 D12

= white

=860 E3

= white

=870 F5

= white

=880 J10

= white

=890 J10

= white

=900 D2

= white

=910 H13

= white

=920 K10

= white

=930 K10

= white

=940 G1

= white

=950 F13

= white

=960 F4

= white

=970 C13

= white

=980 H2

= white

=990 A8

= white

=1000 F11

= white

=1010 K1

= white

=1020 G3

= white

=1030 G3

= white

=1040 A8

= white

=1050 C4

= white

=1060 D13

= white

=1070 K10

= white

=1080 K2

= white

=1090 G12

= white

=1100 F11

= white

=1110 J4

= white

=1120 N10

= white

=1130 N8

= white

=1140 PASS

= white

=1150 M7

= white

=1160 K7

= white

=1170 C6

= white

=1180 K11

= white

=1190 F9

= white

=1200 J5

= white

=1210 E5

= white

=1220 M7

= white

=1240 C2

= white

=1250 C3

= white

=1260 B7

= white

=1270 A7

= white

=1280 A7

= white

=1290 F2

= white

=1300 F2

= white

=1310 F2

= white

=1320 E13

= white

=1340 B6

= white

=1350 K6

= white

=1360 F12

= white

=1370 C9

= white

=1380 H8

= white

=1390 K9

= white

=1400 K10

= white

=1410 H2

= white

=1420 J4

= white

=1430 G12

= white

=1440 E3

= white

=1450 G2

= white

=1460 PASS

= white

=1470 L10

= white

=1480 F6

= white

=1490 J10

= white

=1500 A8

= white

=1510 L5

= white

=1520 C12

= white

=1530 A9

= white

=1540 M10

= white

=1550 L11

= white

=1560 H7

= white

=1570 E2

= white

=1580 C8

= white

=1590 F1

= white

=1600 F6

= white

=1610 B3

= white

=1620 G9

= black

=1621 0

= white

=1630 L10

= white

=1640 M7

= white

=1650 M7

= white

=1660 K11

= white

=1670 K6

= white

=1680 K13

+ date -R
Thu, 01 Jan 1970 01:07:10 +0000
+ set +x
======== END   gobmk_trevorc ========
===== Finish running SPEC2006 =====
[1;34m[src/monitor/monitor.c,128,parse_args] Doing Simpoint Profiling[0m
[1;34m[src/memory/paddr.c,27,allocate_mem] Main memory is at [0x80000000, 0x280000000][0m
[1;34m[src/device/io/mmio.c,13,add_mmio_map] Add mmio map 'clint' at [0x38000000, 0x3800ffff][0m
[1;34m[src/device/io/mmio.c,13,add_mmio_map] Add mmio map 'sdhci' at [0x40002000, 0x4000207f][0m
[1;34m[src/device/sdcard.c,131,init_sdcard] Can not find sdcard image: (null)[0m
[1;34m[src/isa/riscv64/init.c,26,init_csr] Mstatus: 0xa00003800
[0m
[1;34m[src/monitor/monitor.c,85,load_img] The image is /bigdata/zfw/spec/bins/gobmk_trevorc/bbl.bin[0m
[1;34m[src/monitor/monitor.c,86,load_img] diff is (null)[0m
[1;34m[src/monitor/monitor.c,93,load_img] Loading image to 0xa0000
[0m
[1;34m[src/monitor/monitor.c,63,load_gcpt_restorer] Opening restorer file: /home/zfw/NEMU/resource/gcpt_restore/build/gcpt.bin[0m
[1;34m[src/monitor/monitor.c,48,welcome] Debug: [1;32mOFF[0m[0m
[1;34m[src/monitor/monitor.c,51,welcome] Build time: 16:13:41, Sep  7 2021[0m
Welcome to [1;41m[1;33mriscv64[0m-NEMU!
For help, type "help"
[1;34m[src/checkpoint/path_manager.cpp,33,init] Cpt id: -1[0m
[1;34m[src/checkpoint/path_manager.cpp,55,setOutputDir] Created /bigdata/zfw/spec_cpt/profiling/gobmk_trevorc/
[0m
[1;34m[src/checkpoint/simpoint.cpp,70,init] Doing simpoint profiling with interval 20000000[0m
[1;34m[src/device/io/mmio.c,13,add_mmio_map] Add mmio map 'screen' at [0x40001000, 0x40001007][0m
[1;34m[src/device/io/mmio.c,13,add_mmio_map] Add mmio map 'vmem' at [0x50000000, 0x500752ff][0m
[1;34m[src/device/io/mmio.c,13,add_mmio_map] Add mmio map 'uartlite' at [0x40600000, 0x4060000c][0m
[1;34m[src/isa/riscv64/exec/special.c,38,exec_nemu_trap] Start profiling, resetting inst count
[0m
[1;34m[src/monitor/cpu-exec.c,110,cpu_exec] nemu: [1;32mHIT GOOD TRAP[0m at pc = 0x0000002aaaaaa5f6

[0m
[1;34m[src/monitor/cpu-exec.c,36,monitor_statistic] total guest instructions = 252434390483[0m
